---TEST OUTPUT---
---MEMORY---
a = ('int', 1)
---FUNCTIONS---
