---TEST OUTPUT---
---MEMORY---
a = ('float', 5.0)
---FUNCTIONS---
