---TEST OUTPUT---
---MEMORY---
a = ('float', 2.5)
---FUNCTIONS---
