---TEST OUTPUT---
---MEMORY---
a = ('int', 0)
---FUNCTIONS---
