---TEST OUTPUT---
---MEMORY---
a = 10
b = -9
---FUNCTIONS---
