---TEST OUTPUT---
---MEMORY---
v = ('int', 1)
---FUNCTIONS---
a = ('empty', ('linst', ('return', ('int', 1))))
b = ('empty', ('linst', ('return', ('call', 'a', 'empty'))))
