---TEST OUTPUT---
---MEMORY---
v = 0
---FUNCTIONS---
func = (('param', 'n'), ('linst', ('linst', ('linst', ('assign', 'res', 0), 'empty'), ('if', ('<=', 'n', 1), ('linst', ('assign', 'res', 1), 'empty'), 'empty')), ('return', 'res')))
