---TEST OUTPUT---
---MEMORY---
v = ('int', 1)
---FUNCTIONS---
a = (('param', 'arg'), ('linst', ('if', ('==', ('var', 'arg'), ('int', 1)), ('linst', ('return', ('int', 1))), 'empty'), ('linst', ('return', ('int', 0)))))
