---TEST OUTPUT---
---MEMORY---
v = ('int', 55)
---FUNCTIONS---
fibo = (('param', 'n'), ('linst', ('if', ('<=', ('var', 'n'), ('int', 1)), ('linst', ('return', ('var', 'n'))), 'empty'), ('linst', ('return', ('+', ('call', 'fibo', ('expr', ('-', ('var', 'n'), ('int', 1)))), ('call', 'fibo', ('expr', ('-', ('var', 'n'), ('int', 2)))))))))
