---TEST OUTPUT---
---MEMORY---
---FUNCTIONS---
a = ('empty', ('linst', ('assign', 'value', ('int', 1)), 'empty'))
