---TEST OUTPUT---
---MEMORY---
---FUNCTIONS---
a = (('param', 'arg'), ('linst', ('assign', 'value', ('var', 'arg')), 'empty'))
