---TEST OUTPUT---
---MEMORY---
---FUNCTIONS---
a = (('param', 'arg'), ('linst', ('return', ('+', 'arg', 10))))
