---TEST OUTPUT---
---MEMORY---
resp = ('int', 11)
---FUNCTIONS---
a = (('param', 'arg'), ('linst', ('return', ('+', ('var', 'arg'), ('int', 10)))))
