---TEST OUTPUT---
---MEMORY---
---FUNCTIONS---
a = (('param', ('param', 'arg1'), 'arg2'), ('linst', ('return', ('+', ('var', 'arg1'), ('var', 'arg2')))))
