---TEST OUTPUT---
---MEMORY---
v = 1
resp = 5
---FUNCTIONS---
a = (('param', ('param', 'arg1'), 'arg2'), ('linst', ('return', ('+', 'arg1', 'arg2'))))
