---TEST OUTPUT---
---MEMORY---
a = ('int', 3)
---FUNCTIONS---
