---TEST OUTPUT---
---MEMORY---
a = ('int', 21)
b = ('int', 45)
---FUNCTIONS---
