---TEST OUTPUT---
---MEMORY---
a = ('float', 15.0)
---FUNCTIONS---
