---TEST OUTPUT---
---MEMORY---
a = ('char', 'a')
---FUNCTIONS---
