---TEST OUTPUT---
---MEMORY---
a = ('char', 'b')
---FUNCTIONS---
