---TEST OUTPUT---
---MEMORY---
a = ('float', 0)
---FUNCTIONS---
