---TEST OUTPUT---
---MEMORY---
a = ('float', 0.0)
---FUNCTIONS---
