---TEST OUTPUT---
---MEMORY---
a = 8
---FUNCTIONS---
