---TEST OUTPUT---
---MEMORY---
a = 50
b = 500
---FUNCTIONS---
