---TEST OUTPUT---
---MEMORY---
a = ('float', 10.0)
---FUNCTIONS---
