---TEST OUTPUT---
---MEMORY---
a = 1
b = 2
---FUNCTIONS---
