---TEST OUTPUT---
---MEMORY---
a = ('float', 8.5)
---FUNCTIONS---
