---TEST OUTPUT---
---MEMORY---
a = (('empty',),)
---FUNCTIONS---
