---TEST OUTPUT---
---MEMORY---
a = (('int', 1), ('int', 2), ('int', 3))
---FUNCTIONS---
