---TEST OUTPUT---
---MEMORY---
a = 2
---FUNCTIONS---
