---TEST OUTPUT---
---MEMORY---
a = 4
---FUNCTIONS---
