---TEST OUTPUT---
---MEMORY---
a = 3
---FUNCTIONS---
