---TEST OUTPUT---
---MEMORY---
a = 10
---FUNCTIONS---
