---TEST OUTPUT---
---MEMORY---
a = ('int', 10)
---FUNCTIONS---
