---ERRORS---
Variable <a> not defined in this scope
Stack:
[---CALL STACK---
{'i': ('int', 0)}
{}
---END---]
---END---
